// Jest Snapshot v1, https://goo.gl/fbAQLP

exports[`EditMovieForm Should compare EditMovieForm component with a snapshot 1`] = `
<td>
  <form
    onSubmit={[Function]}
  >
    <div
      className="form-group"
    >
      <label
        className="control-label"
        htmlFor={undefined}
      >
        Title
      </label>
      <input
        className="form-control"
        id="movieTitle"
        label="Movie title"
        name="title"
        onChange={[Function]}
        placeholder="spiderman"
        type="text"
      />
      <label
        className="control-label"
        htmlFor={undefined}
      >
        Text
      </label>
      <textarea
        className="form-control"
        id="movieText"
        label="Movie text"
        name="text"
        onChange={[Function]}
        placeholder="Omnis repellat harum. Error beatae placeat. Ut minima nam."
        type="text"
      />
      <label
        className="control-label"
        htmlFor={undefined}
      >
        Category
      </label>
      <select
        className="form-control"
        id={undefined}
        name="category_id"
        onChange={[Function]}
        placeholder="select"
        type={undefined}
      >
        <option
          selected={false}
          value={1}
        >
          foo
        </option>
      </select>
    </div>
    <button
      className="btn btn-default"
      disabled={false}
      type="submit"
    >
      Update Movie
    </button>
  </form>
</td>
`;
