// Jest Snapshot v1, https://goo.gl/fbAQLP

exports[`Layer Should compare Layer component with a snapshot 1`] = `
<div
  className="movie-app"
>
  <header
    className="movie-app-header"
  >
    <img
      alt="logo"
      className="movie-app-logo"
      src="logo.svg"
    />
    <h1
      className="movie-app-title"
    >
      Movie DB
    </h1>
  </header>
  <div
    className="movies-container"
  />
</div>
`;
