// Jest Snapshot v1, https://goo.gl/fbAQLP

exports[`Layer Should compare Layer component with a snapshot 1`] = `
<div
  className="movie-app"
>
  <header
    className="movie-app-header"
  >
    <img
      alt="logo"
      className="movie-app-logo"
      src="logo.svg"
    />
    <h1
      className="movie-app-title"
    >
      Movie DB
    </h1>
  </header>
  <div
    className="movies-container"
  >
    <div
      className="panel panel-primary"
    >
      <div
        className="panel-body"
      >
        <form
          onSubmit={[Function]}
        >
          <div
            className="form-group"
          >
            <label
              className="control-label"
              htmlFor={undefined}
            >
              Title
            </label>
            <input
              className="form-control"
              id="movieTitle"
              label="Movie title"
              placeholder="Title..."
              type="text"
            />
            <label
              className="control-label"
              htmlFor={undefined}
            >
              Text
            </label>
            <textarea
              className="form-control"
              id="movieText"
              label="Movie text"
              placeholder="Text..."
              type="text"
            />
            <label
              className="control-label"
              htmlFor={undefined}
            >
              Category
            </label>
            <select
              className="form-control"
              id={undefined}
              placeholder="select"
              type={undefined}
            />
          </div>
          <button
            className="btn btn-default"
            disabled={false}
            type="submit"
          >
            Add Movie
          </button>
        </form>
      </div>
    </div>
    <table
      className="table table-striped table-condensed"
    >
      <tbody />
    </table>
  </div>
</div>
`;
