// Jest Snapshot v1, https://goo.gl/fbAQLP

exports[`NewMovieForm Should compare NewMovieForm component with a snapshot 1`] = `
<div
  className="panel panel-primary"
>
  <div
    className="panel-body"
  >
    <form
      onSubmit={[Function]}
    >
      <div
        className="form-group"
      >
        <label
          className="control-label"
          htmlFor={undefined}
        >
          Title
        </label>
        <input
          className="form-control"
          id="movieTitle"
          label="Movie title"
          placeholder="Title..."
          type="text"
        />
        <label
          className="control-label"
          htmlFor={undefined}
        >
          Text
        </label>
        <textarea
          className="form-control"
          id="movieText"
          label="Movie text"
          placeholder="Text..."
          type="text"
        />
      </div>
      <button
        className="btn btn-default"
        disabled={false}
        type="submit"
      >
        Add Movie
      </button>
    </form>
  </div>
</div>
`;
